#                                                                                                                                                                         --- full sequence --- -------------- this domain -------------   hmm coord   ali coord   env coord
# target name                                                                                                     accession   tlen query name           accession   qlen   E-value  score  bias   #  of  c-Evalue  i-Evalue  score  bias  from    to  from    to  from    to  acc description of target
#                                                                                             ------------------- ---------- ----- -------------------- ---------- ----- --------- ------ ----- --- --- --------- --------- ------ ----- ----- ----- ----- ----- ----- ----- ---- ---------------------
NC_069146.1|YP_010582164.1_57|[Salmonella_phage_St162]hypothetical_protein|36455..36955|166                       -            166 DT-helix       -            159   2.2e-78  266.2   0.0   1   1   7.8e-82   2.6e-78  266.0   0.0     1   159     5   159     5   159 1.00 aa
NC_069148.1|YP_010582260.1_27|[Salmonella_phage_TS6]hypothetical_protein|complement(19322..19822)|166             -            166 DT-helix       -            159   2.2e-78  266.2   0.0   1   1   7.8e-82   2.6e-78  266.0   0.0     1   159     5   159     5   159 1.00 aa
NC_069149.1|YP_010582359.1_61|[Salmonella_phage_vB_SenTO17]hypothetical_protein|complement(31844..32344)|166      -            166 DT-helix       -            159   2.2e-78  266.2   0.0   1   1   7.8e-82   2.6e-78  266.0   0.0     1   159     5   159     5   159 1.00 aa
NC_069150.1|YP_010582406.1_33|[Salmonella_phage_vB_STM-ZS]hypothetical_protein|complement(22605..23105)|166       -            166 DT-helix       -            159   2.2e-78  266.2   0.0   1   1   7.8e-82   2.6e-78  266.0   0.0     1   159     5   159     5   159 1.00 aa
NC_069151.1|YP_010582466.1_34|[Salmonella_phage_vB_SenS_SE1]hypothetical_protein|complement(21758..22258)|166     -            166 DT-helix       -            159   2.2e-78  266.2   0.0   1   1   7.8e-82   2.6e-78  266.0   0.0     1   159     5   159     5   159 1.00 aa
NC_073321.1|YP_010749394.1_37|[Escherichia_phage_ZCEC5]hypothetical_protein|20117..20617|166                      -            166 DT-helix       -            159   3.6e-78  265.6   0.0   1   1   1.3e-81   4.1e-78  265.4   0.0     2   159     6   159     5   159 1.00 aa
NC_093712.1|YP_011217191.1_3|[Escherichia_phage_L_AB-2017]hypothetical_protein|complement(1052..1552)|166         -            166 DT-helix       -            159     6e-78  264.8   0.0   1   1   2.1e-81   6.8e-78  264.7   0.0     1   159     5   159     5   159 1.00 aa
NC_069153.1|YP_010582605.1_27|[Salmonella_virus_VSiP]hypothetical_protein|18017..18517|166                        -            166 DT-helix       -            159   7.1e-78  264.6   0.1   1   1   2.5e-81   8.1e-78  264.4   0.1     1   159     5   159     5   159 1.00 aa
NC_069147.1|YP_010582233.1_64|[Salmonella_phage_GRNsp27]hypothetical_protein|40507..41007|166                     -            166 DT-helix       -            159   7.5e-78  264.5   0.1   1   1   2.6e-81   8.5e-78  264.3   0.1     1   159     5   159     5   159 1.00 aa
NC_027993.1|YP_009168807.1_27|[Escherichia_phage_K1G]hypothetical_protein|17937..18437|166                        -            166 DT-helix       -            159   7.6e-78  264.5   0.0   1   1   2.6e-81   8.5e-78  264.3   0.0     1   159     5   159     5   159 1.00 aa
NC_027994.1|YP_009168856.1_24|[Escherichia_phage_K1H]hypothetical_protein|16248..16748|166                        -            166 DT-helix       -            159   7.6e-78  264.5   0.0   1   1   2.6e-81   8.5e-78  264.3   0.0     1   159     5   159     5   159 1.00 aa
NC_073314.1|YP_010748874.1_48|[Escherichia_virus_fEg-Eco19]hypothetical_protein|24956..25456|166                  -            166 DT-helix       -            159   7.6e-78  264.5   0.0   1   1   2.6e-81   8.5e-78  264.3   0.0     1   159     5   159     5   159 1.00 aa
NC_093713.1|YP_011217263.1_8|[Escherichia_phage_P_AB-2017]hypothetical_protein|complement(8713..9213)|166         -            166 DT-helix       -            159   1.4e-77  263.6   0.0   1   1   4.9e-81   1.6e-77  263.4   0.0     1   159     5   159     5   159 1.00 aa
NC_042084.1|YP_009620106.1_26|[Escherichia_phage_VB_EcoS-Golestan]hypothetical_protein|17370..18788|472           -            472 DT-helix       -            159   1.9e-77  263.2   0.4   1   1   1.9e-80   6.2e-77  261.5   0.0     1   159     5   159     5   159 1.00 aa
NC_021777.1|YP_008239738.1_29|[Salmonella_phage_Jersey]hypothetical_protein|20172..20672|166                      -            166 DT-helix       -            159     2e-77  263.2   0.0   1   1   6.8e-81   2.2e-77  263.0   0.0     1   159     5   159     5   159 1.00 aa
NC_041897.1|YP_009597306.1_26|[Escherichia_phage_K1ind1]hypothetical_protein|16991..18391|466                     -            466 DT-helix       -            159   2.1e-77  263.1   0.0   1   1   1.3e-80   4.2e-77  262.1   0.0     1   159     5   159     5   159 1.00 aa
NC_021775.1|YP_008239652.1_55|[Salmonella_phage_FSL_SP-031]hypothetical_protein|36428..36928|166                  -            166 DT-helix       -            159   2.6e-77  262.8   0.0   1   1   9.1e-81     3e-77  262.6   0.0     1   159     5   159     5   159 1.00 aa
NC_073323.1|YP_010749527.1_27|[Escherichia_phage_vB_EcoS-phiEc3]minor_tail_protein|17198..18616|472               -            472 DT-helix       -            159   2.6e-77  262.8   0.0   1   1   1.9e-80   6.2e-77  261.5   0.0     1   159     5   159     5   159 1.00 aa
NC_073324.1|YP_010749624.1_44|[Escherichia_phage_vB_EcoS-22664BS2]hypothetical_protein|22068..23465|465           -            465 DT-helix       -            159   3.7e-77  262.3   0.0   1   1   1.8e-80   5.8e-77  261.6   0.0     1   159     5   159     5   159 1.00 aa
NC_073325.1|YP_010749670.1_4|[Escherichia_phage_vB_EcoS_XY1]minor_tail_protein|complement(3811..5211)|466         -            466 DT-helix       -            159   3.9e-77  262.2   0.0   1   1   2.2e-80   7.2e-77  261.3   0.0     1   159     5   159     5   159 1.00 aa
NC_073173.1|YP_010745993.1_42|[Salmonella_phage_blauehaus]hypothetical_protein|23963..24463|166                   -            166 DT-helix       -            159   5.6e-77  261.7   0.0   1   1     2e-80   6.4e-77  261.5   0.0     1   159     5   159     5   159 1.00 aa
NC_073178.1|YP_010746288.1_31|[Salmonella_phage_vB_SenS_TUMS_E19]hypothetical_protein|20086..20586|166            -            166 DT-helix       -            159   5.6e-77  261.7   0.0   1   1     2e-80   6.4e-77  261.5   0.0     1   159     5   159     5   159 1.00 aa
NC_073186.1|YP_010746744.1_32|[Salmonella_phage_vB_SenS_PVP-SE2]hypothetical_protein|complement(23538..24038)|166 -            166 DT-helix       -            159   5.6e-77  261.7   0.0   1   1     2e-80   6.4e-77  261.5   0.0     1   159     5   159     5   159 1.00 aa
NC_073200.1|YP_010747627.1_31|[Salmonella_phage_S100]hypothetical_protein|20810..21310|166                        -            166 DT-helix       -            159   5.6e-77  261.7   0.0   1   1     2e-80   6.4e-77  261.5   0.0     1   159     5   159     5   159 1.00 aa
NC_073201.1|YP_010747703.1_41|[Salmonella_phage_dunkel]hypothetical_protein|25780..26280|166                      -            166 DT-helix       -            159   5.6e-77  261.7   0.0   1   1     2e-80   6.4e-77  261.5   0.0     1   159     5   159     5   159 1.00 aa
NC_073202.1|YP_010747772.1_47|[Salmonella_phage_celemicas]hypothetical_protein|25526..26026|166                   -            166 DT-helix       -            159   5.6e-77  261.7   0.0   1   1     2e-80   6.4e-77  261.5   0.0     1   159     5   159     5   159 1.00 aa
NC_073203.1|YP_010747823.1_31|[Salmonella_phage_MET_P1_001_43]hypothetical_protein|19249..19749|166               -            166 DT-helix       -            159   5.6e-77  261.7   0.0   1   1     2e-80   6.4e-77  261.5   0.0     1   159     5   159     5   159 1.00 aa
NC_073209.1|YP_010748162.1_6|[Salmonella_phage_GRNsp50]hypothetical_protein|complement(5544..6044)|166            -            166 DT-helix       -            159   5.6e-77  261.7   0.0   1   1     2e-80   6.4e-77  261.5   0.0     1   159     5   159     5   159 1.00 aa
NC_073197.1|YP_010747470.1_58|[Salmonella_phage_vB_SenS_ER23]hypothetical_protein|40103..40603|166                -            166 DT-helix       -            159   5.7e-77  261.7   0.0   1   1     2e-80   6.4e-77  261.5   0.0     1   159     5   159     5   159 1.00 aa
NC_073198.1|YP_010747531.1_59|[Salmonella_phage_vB_SenS_ER21]hypothetical_protein|complement(40052..40552)|166    -            166 DT-helix       -            159   5.7e-77  261.7   0.0   1   1     2e-80   6.4e-77  261.5   0.0     1   159     5   159     5   159 1.00 aa
NC_073199.1|YP_010747561.1_29|[Salmonella_phage_S102]hypothetical_protein|19783..20283|166                        -            166 DT-helix       -            159   5.7e-77  261.7   0.0   1   1     2e-80   6.4e-77  261.5   0.0     1   159     5   159     5   159 1.00 aa
NC_073317.1|YP_010749084.1_28|[Escherichia_phage_vB_EcoS_fPoEco01]hypothetical_protein|18289..18789|166           -            166 DT-helix       -            159   6.5e-77  261.5   0.0   1   1   2.2e-80   7.3e-77  261.3   0.0     1   159     5   159     5   159 1.00 aa
NC_073176.1|YP_010746159.1_28|[Salmonella_virus_VSe101]hypothetical_protein|19414..19914|166                      -            166 DT-helix       -            159   9.7e-77  260.9   0.0   1   1   3.4e-80   1.1e-76  260.7   0.0     1   159     5   159     5   159 1.00 aa
NC_073208.1|YP_010748125.1_26|[Salmonella_phage_SLMP1]hypothetical_protein|complement(20699..21199)|166           -            166 DT-helix       -            159   9.7e-77  260.9   0.0   1   1   3.4e-80   1.1e-76  260.7   0.0     1   159     5   159     5   159 1.00 aa
NC_073211.1|YP_010748298.1_37|[Salmonella_phage_T102]hypothetical_protein|22571..23071|166                        -            166 DT-helix       -            159   9.7e-77  260.9   0.0   1   1   3.4e-80   1.1e-76  260.7   0.0     1   159     5   159     5   159 1.00 aa
NC_019539.1|YP_007010481.1_28|[Salmonella_phage_vB_SenS-Ent1]hypothetical_protein|18977..19477|166                -            166 DT-helix       -            159   1.1e-76  260.7   0.0   1   1   3.9e-80   1.3e-76  260.5   0.0     1   159     5   159     5   159 1.00 aa
NC_073179.1|YP_010746349.1_30|[Salmonella_phage_vB_SenS_TUMS_E4]hypothetical_protein|20065..20565|166             -            166 DT-helix       -            159   1.1e-76  260.7   0.0   1   1   3.9e-80   1.3e-76  260.5   0.0     1   159     5   159     5   159 1.00 aa
NC_073181.1|YP_010746468.1_30|[Salmonella_phage_5sent1]minor_tail_protein|19967..20467|166                        -            166 DT-helix       -            159   1.1e-76  260.7   0.0   1   1   3.9e-80   1.3e-76  260.5   0.0     1   159     5   159     5   159 1.00 aa
NC_073182.1|YP_010746525.1_29|[Salmonella_virus_VSe103]hypothetical_protein|19773..20273|166                      -            166 DT-helix       -            159   1.1e-76  260.7   0.0   1   1   3.9e-80   1.3e-76  260.5   0.0     1   159     5   159     5   159 1.00 aa
NC_073185.1|YP_010746711.1_42|[Salmonella_phage_PBSE191]hypothetical_protein|39461..39961|166                     -            166 DT-helix       -            159   1.1e-76  260.7   0.0   1   1   3.9e-80   1.3e-76  260.5   0.0     1   159     5   159     5   159 1.00 aa
NC_073169.1|YP_010745715.1_18|[Salmonella_phage_SS5]hypothetical_protein|complement(15759..16259)|166             -            166 DT-helix       -            159   1.1e-76  260.7   0.0   1   1   3.9e-80   1.3e-76  260.5   0.0     1   159     5   159     5   159 1.00 aa
NC_073318.1|YP_010749194.1_61|[Escherichia_phage_NTEC3]hypothetical_protein|complement(34314..35714)|466          -            466 DT-helix       -            159   1.2e-76  260.7   0.0   1   1   6.1e-80     2e-76  259.9   0.0     1   159     5   159     5   159 1.00 aa
NC_041898.1|YP_009597357.1_26|[Escherichia_phage_K1ind2]hypothetical_protein|16992..18392|466                     -            466 DT-helix       -            159   1.2e-76  260.6   0.1   1   1   7.1e-80   2.3e-76  259.7   0.1     1   159     5   159     5   159 1.00 aa
NC_073184.1|YP_010746642.1_32|[Salmonella_phage_F12013]tail_protein|complement(23758..24258)|166                  -            166 DT-helix       -            159   1.3e-76  260.5   0.0   1   1   4.6e-80   1.5e-76  260.3   0.0     1   159     5   159     5   159 1.00 aa
NC_069152.1|YP_010582522.1_27|[Salmonella_phage_Shemara]hypothetical_protein|18129..18629|166                     -            166 DT-helix       -            159   2.2e-76  259.7   0.1   1   1   7.7e-80   2.5e-76  259.6   0.1     1   159     5   159     5   159 1.00 aa
NC_073196.1|YP_010747352.1_5|[Salmonella_phage_NBSal006]hypothetical_protein|complement(3960..4460)|166           -            166 DT-helix       -            159   2.5e-76  259.6   0.0   1   1   8.7e-80   2.8e-76  259.4   0.0     1   159     5   159     5   159 1.00 aa
NC_073213.1|YP_010748406.1_26|[Salmonella_phage_vB_SenS_SB3]hypothetical_protein|17765..18265|166                 -            166 DT-helix       -            159   2.5e-76  259.6   0.0   1   1   8.7e-80   2.8e-76  259.4   0.0     1   159     5   159     5   159 1.00 aa
NC_073316.1|YP_010749009.1_30|[Escherichia_phage_vB_EcoS_fFiEco02]hypothetical_protein|19687..20187|166           -            166 DT-helix       -            159   3.2e-76  259.2   0.0   1   1   1.1e-79   3.6e-76  259.1   0.0     1   159     5   159     5   159 1.00 aa
NC_073188.1|YP_010746874.1_48|[Salmonella_phage_vB_SenS_S532]hypothetical_protein|24316..24816|166                -            166 DT-helix       -            159   3.2e-76  259.2   0.0   1   1   1.1e-79   3.7e-76  259.0   0.0     1   159     5   159     5   159 1.00 aa
NC_073189.1|YP_010746947.1_55|[Salmonella_phage_JD01]hypothetical_protein|complement(38045..38545)|166            -            166 DT-helix       -            159   3.2e-76  259.2   0.0   1   1   1.1e-79   3.7e-76  259.0   0.0     1   159     5   159     5   159 1.00 aa
NC_073190.1|YP_010747004.1_50|[Salmonella_phage_vB_SenS_S528]hypothetical_protein|24404..24904|166                -            166 DT-helix       -            159   3.2e-76  259.2   0.0   1   1   1.1e-79   3.7e-76  259.0   0.0     1   159     5   159     5   159 1.00 aa
NC_073192.1|YP_010747095.1_6|[Salmonella_phage_F118P13]hypothetical_protein|complement(5673..6173)|166            -            166 DT-helix       -            159   3.2e-76  259.2   0.0   1   1   1.1e-79   3.7e-76  259.0   0.0     1   159     5   159     5   159 1.00 aa
NC_073193.1|YP_010747216.1_59|[Salmonella_phage_vB_SalS-S10]hypothetical_protein|39171..39671|166                 -            166 DT-helix       -            159   3.2e-76  259.2   0.0   1   1   1.1e-79   3.7e-76  259.0   0.0     1   159     5   159     5   159 1.00 aa
NC_073207.1|YP_010748064.1_18|[Salmonella_phage_SHWT1]hypothetical_protein|complement(17411..17911)|166           -            166 DT-helix       -            159   3.2e-76  259.2   0.0   1   1   1.1e-79   3.7e-76  259.0   0.0     1   159     5   159     5   159 1.00 aa
NC_073218.1|YP_010748749.1_38|[Salmonella_phage_demigod]hypothetical_protein|24667..25167|166                     -            166 DT-helix       -            159   3.5e-76  259.1   0.0   1   1   1.2e-79     4e-76  258.9   0.0     1   159     5   159     5   159 1.00 aa
NC_073219.1|YP_010748806.1_39|[Salmonella_phage_sidste]hypothetical_protein|23863..24363|166                      -            166 DT-helix       -            159   3.5e-76  259.1   0.0   1   1   1.2e-79     4e-76  258.9   0.0     1   159     5   159     5   159 1.00 aa
NC_073194.1|YP_010747222.1_3|[Salmonella_phage_vB_SalP_LDW16]hypothetical_protein|complement(1350..1850)|166      -            166 DT-helix       -            159     7e-76  258.1   0.0   1   1   2.4e-79   7.9e-76  257.9   0.0     1   159     5   159     5   159 1.00 aa
NC_006940.2|YP_308655.1_54|[Salmonella_phage_SS3e]hypothetical_protein|complement(36137..36637)|166               -            166 DT-helix       -            159   7.1e-76  258.1   0.0   1   1   2.4e-79     8e-76  257.9   0.0     1   159     5   159     5   159 1.00 aa
NC_073212.1|YP_010748343.1_28|[Salmonella_phage_ZCSE9]hypothetical_protein|19068..19568|166                       -            166 DT-helix       -            159   7.1e-76  258.1   0.0   1   1   2.4e-79     8e-76  257.9   0.0     1   159     5   159     5   159 1.00 aa
NC_073191.1|YP_010747048.1_26|[Salmonella_phage_vB_SenS-EnJE6]hypothetical_protein|complement(19818..20318)|166   -            166 DT-helix       -            159   8.1e-76  257.9   0.0   1   1   2.8e-79   9.1e-76  257.7   0.0     1   159     5   159     5   159 1.00 aa
NC_073215.1|YP_010748512.1_4|[Salmonella_phage_SGPC]tail_protein|complement(1472..1972)|166                       -            166 DT-helix       -            159   1.2e-75  257.3   0.0   1   1   4.2e-79   1.4e-75  257.2   0.0     1   159     5   159     5   159 1.00 aa
NC_022752.1|YP_008767027.1_28|[Salmonella_phage_SETP13]hypothetical_protein|18112..18612|166                      -            166 DT-helix       -            159   1.4e-75  257.2   0.0   1   1   4.8e-79   1.6e-75  257.0   0.0     1   159     5   159     5   159 1.00 aa
NC_073174.1|YP_010746054.1_42|[Salmonella_phage_wast]hypothetical_protein|23773..24273|166                        -            166 DT-helix       -            159   1.4e-75  257.2   0.0   1   1   4.8e-79   1.6e-75  257.0   0.0     1   159     5   159     5   159 1.00 aa
NC_073187.1|YP_010746797.1_25|[Salmonella_phage_vB_SenS-EnJE1]hypothetical_protein|complement(22305..22805)|166   -            166 DT-helix       -            159   1.4e-75  257.2   0.0   1   1   4.8e-79   1.6e-75  257.0   0.0     1   159     5   159     5   159 1.00 aa
NC_073183.1|YP_010746577.1_24|[Salmonella_phage_NBSal007]hypothetical_protein|complement(21183..21683)|166        -            166 DT-helix       -            159   1.9e-75  256.7   0.0   1   1   6.5e-79   2.1e-75  256.6   0.0     1   159     5   159     5   159 1.00 aa
NC_073216.1|YP_010748575.1_5|[Salmonella_phage_STP03]hypothetical_protein|complement(5491..5991)|166              -            166 DT-helix       -            159   2.3e-75  256.5   0.0   1   1   7.9e-79   2.6e-75  256.3   0.0     1   159     5   159     5   159 1.00 aa
NC_073172.1|YP_010745932.1_46|[Salmonella_phage_skrot]hypothetical_protein|24902..25402|166                       -            166 DT-helix       -            159     3e-75  256.1   0.0   1   1     1e-78   3.4e-75  255.9   0.0     1   159     5   159     5   159 1.00 aa
NC_022754.1|YP_008767198.1_27|[Salmonella_phage_SETP7]hypothetical_protein|17572..18072|166                       -            166 DT-helix       -            159   3.1e-75  256.0   0.0   1   1   1.1e-78   3.5e-75  255.9   0.0     1   159     5   159     5   159 1.00 aa
NC_028698.1|YP_009191569.1_16|[Salmonella_phage_f18SE]hypothetical_protein|complement(15923..16423)|166           -            166 DT-helix       -            159   3.9e-75  255.7   0.0   1   1   1.4e-78   4.4e-75  255.5   0.0     1   159     5   159     5   159 1.00 aa
NC_073195.1|YP_010747307.1_28|[Salmonella_phage_Shelanagig]hypothetical_protein|18443..18943|166                  -            166 DT-helix       -            159   4.4e-75  255.5   0.0   1   1   1.5e-78     5e-75  255.4   0.0     1   159     5   159     5   159 1.00 aa
NC_009232.2|YP_001110816.2_27|[Salmonella_phage_SETP3]hypothetical_protein|18460..18960|166                       -            166 DT-helix       -            159   5.1e-75  255.3   0.0   1   1   1.8e-78   5.8e-75  255.1   0.0     1   159     5   159     5   159 1.00 aa
NC_073175.1|YP_010746101.1_29|[Salmonella_virus_VSt10]hypothetical_protein|19072..19572|166                       -            166 DT-helix       -            159   5.1e-75  255.3   0.0   1   1   1.8e-78   5.8e-75  255.1   0.0     1   159     5   159     5   159 1.00 aa
NC_041992.1|YP_009608663.1_42|[Salmonella_phage_wksl3]hypothetical_protein|complement(27064..27564)|166           -            166 DT-helix       -            159   9.2e-75  254.5   0.0   1   1   3.2e-78     1e-74  254.3   0.0     1   159     5   159     5   159 1.00 aa
NC_041991.1|YP_009608582.1_27|[Salmonella_phage_vB_SenS_AG11]hypothetical_protein|17728..18228|166                -            166 DT-helix       -            159   1.6e-74  253.7   0.0   1   1   5.6e-78   1.8e-74  253.5   0.0     1   159     5   159     5   159 1.00 aa
NC_073214.1|YP_010748481.1_38|[Salmonella_phage_vB_SenS_ER1]hypothetical_protein|21670..22170|166                 -            166 DT-helix       -            159   5.1e-74  252.1   0.0   1   1   1.8e-77   5.8e-74  251.9   0.0     1   159     5   159     5   159 1.00 aa
NC_073217.1|YP_010748688.1_48|[Salmonella_phage_pink]hypothetical_protein|25082..25582|166                        -            166 DT-helix       -            159   5.1e-74  252.1   0.0   1   1   1.8e-77   5.8e-74  251.9   0.0     1   159     5   159     5   159 1.00 aa
NC_073210.1|YP_010748238.1_23|[Salmonella_phage_fmb-p1]hypothetical_protein|complement(23471..23914)|147          -            147 DT-helix       -            159   8.1e-69  235.2   0.1   1   1   2.8e-72     9e-69  235.0   0.1    16   159     1   140     1   140 0.99 aa
NC_021317.1|YP_008058254.1_8|[Salmonella_phage_L13]hypothetical_protein|complement(7496..7939)|147                -            147 DT-helix       -            159   9.5e-69  234.9   0.1   1   1   3.2e-72   1.1e-68  234.8   0.1    16   159     1   140     1   140 0.99 aa
NC_023608.1|YP_009009952.1_28|[Salmonella_phage_vB_SenS-Ent2]hypothetical_protein|19095..19538|147                -            147 DT-helix       -            159   9.5e-69  234.9   0.1   1   1   3.2e-72   1.1e-68  234.8   0.1    16   159     1   140     1   140 0.99 aa
NC_024204.1|YP_009035165.1_28|[Salmonella_phage_vB_SenS-Ent3]hypothetical_protein|19099..19542|147                -            147 DT-helix       -            159   9.5e-69  234.9   0.1   1   1   3.2e-72   1.1e-68  234.8   0.1    16   159     1   140     1   140 0.99 aa
NC_031021.1|YP_009280168.1_40|[Salmonella_phage_MA12]hypothetical_protein|complement(28634..29077)|147            -            147 DT-helix       -            159   9.5e-69  234.9   0.1   1   1   3.2e-72   1.1e-68  234.8   0.1    16   159     1   140     1   140 0.99 aa
NC_073205.1|YP_010747958.1_31|[Salmonella_phage_LP31]hypothetical_protein|20982..21425|147                        -            147 DT-helix       -            159   2.7e-68  233.5   0.1   1   1   9.2e-72     3e-68  233.3   0.1    16   159     1   140     1   140 0.99 aa
NC_073206.1|YP_010748033.1_49|[Salmonella_phage_CTH7]hypothetical_protein|complement(32715..33158)|147            -            147 DT-helix       -            159   7.8e-68  232.0   0.1   1   1   2.7e-71   8.7e-68  231.8   0.1    16   159     1   140     1   140 0.99 aa
NC_016763.1|YP_005098153.1_57|[Salmonella_phage_SE2]hypothetical_protein|37051..37494|147                         -            147 DT-helix       -            159   1.2e-67  231.4   0.1   1   1     4e-71   1.3e-67  231.2   0.1    16   159     1   140     1   140 0.99 aa
NC_073170.1|YP_010745802.1_38|[Salmonella_phage_SE-W109]hypothetical_protein|complement(24001..24444)|147         -            147 DT-helix       -            159   1.2e-67  231.4   0.1   1   1     4e-71   1.3e-67  231.2   0.1    16   159     1   140     1   140 0.99 aa
NC_026017.1|YP_009113175.1_28|[Salmonella_phage_LSPA1]hypothetical_protein|19764..20207|147                       -            147 DT-helix       -            159   2.4e-66  227.1   0.1   1   1   8.3e-70   2.7e-66  227.0   0.1    16   159     1   140     1   140 0.99 aa
NC_054636.1|YP_010053061.1_17|[Shigella_phage_Sf11_SMD-2017]hypothetical_protein|complement(13880..15253)|457     -            457 DT-helix       -            159   1.4e-65  224.6   1.3   1   1   4.8e-69   1.6e-65  224.5   0.2     1   159     5   165     5   165 0.99 aa
NC_042065.1|YP_009617944.1_25|[Salmonella_phage_FSL_SP-101]hypothetical_protein|17112..17555|147                  -            147 DT-helix       -            159   1.6e-65  224.4   0.1   1   1   5.5e-69   1.8e-65  224.3   0.1    16   159     1   140     1   140 0.99 aa
NC_031925.1|YP_009322856.1_49|[Salmonella_phage_BPS11Q3]hypothetical_protein|complement(33054..33497)|147         -            147 DT-helix       -            159   5.1e-65  222.8   0.1   1   1   1.7e-68   5.7e-65  222.7   0.1    16   159     1   140     1   140 0.99 aa
NC_073204.1|YP_010747918.1_50|[Salmonella_phage_LPSE1]hypothetical_protein|33185..33628|147                       -            147 DT-helix       -            159   5.1e-65  222.8   0.1   1   1   1.7e-68   5.7e-65  222.7   0.1    16   159     1   140     1   140 0.99 aa
NC_054651.1|YP_010054281.1_6|[Escherichia_phage_C1]hypothetical_protein|complement(6554..7027)|157                -            157 DT-helix       -            159   1.3e-60  208.5   0.2   1   1   4.8e-64   1.6e-60  208.2   0.2     1   146     5   151     5   156 0.98 aa
NC_054648.1|YP_010054082.1_62|[Salmonella_phage_vB_Se_STGO-35-1]minor_tail_protein|29548..30021|157               -            157 DT-helix       -            159   4.5e-59  203.5   0.1   1   1   1.6e-62   5.4e-59  203.2   0.1     1   146     5   151     5   156 0.98 aa
NC_054637.1|YP_010053153.1_29|[Escherichia_phage_vB_EcoS_Sa179lw]hypothetical_protein|15910..16383|157            -            157 DT-helix       -            159   4.8e-59  203.4   0.3   1   1   1.7e-62   5.6e-59  203.2   0.3     1   146     5   151     5   156 0.98 aa
NC_054647.1|YP_010053951.1_16|[Salmonella_phage_Akira]hypothetical_protein|complement(13949..14422)|157           -            157 DT-helix       -            159   4.9e-59  203.4   0.2   1   1   1.6e-62   5.3e-59  203.3   0.2     1   146     5   151     5   157 0.97 aa
NC_070846.1|YP_010657369.1_2|[Salmonella_phage_LPSTLL]hypothetical_protein|1594..2067|157                         -            157 DT-helix       -            159   2.3e-58  201.2   0.1   1   1   8.2e-62   2.7e-58  201.0   0.1     1   148     4   153     4   156 0.98 aa
NC_054639.1|YP_010053346.1_63|[Salmonella_phage_Skate]hypothetical_protein|28397..28873|158                       -            158 DT-helix       -            159   2.7e-58  201.0   0.1   1   1   9.5e-62   3.1e-58  200.8   0.1     1   148     5   154     5   157 0.98 aa
NC_031924.1|YP_009322780.1_67|[Salmonella_phage_IME207]hypothetical_protein|28806..29282|158                      -            158 DT-helix       -            159   2.9e-58  200.9   0.1   1   1     1e-61   3.3e-58  200.7   0.1     1   148     5   154     5   157 0.98 aa
NC_010495.1|YP_001742072.1_35|[Salmonella_phage_Vi_II-E1]hypothetical_protein|24365..24835|156                    -            156 DT-helix       -            159     3e-58  200.8   0.2   1   1   9.9e-62   3.2e-58  200.7   0.2     1   146     4   150     4   156 0.97 aa
NC_054641.1|YP_010053509.1_61|[Salmonella_virus_KFS-SE2]hypothetical_protein|complement(34627..35097)|156         -            156 DT-helix       -            159     4e-58  200.4   0.3   1   1   1.3e-61   4.3e-58  200.3   0.3     1   147     4   152     4   156 0.97 aa
NC_054650.1|YP_010054212.1_16|[Shigella_phage_DS8]hypothetical_protein|8852..9325|157                             -            157 DT-helix       -            159   5.7e-58  199.9   0.1   1   1   2.1e-61   6.7e-58  199.7   0.1     1   146     5   151     5   156 0.98 aa
NC_054643.1|YP_010053681.1_76|[Salmonella_phage_SeSz-2]hypothetical_protein|39846..40316|156                      -            156 DT-helix       -            159   7.7e-58  199.5   0.1   1   1   2.6e-61   8.3e-58  199.4   0.1     1   146     4   150     4   156 0.97 aa
NC_054642.1|YP_010053565.1_32|[Salmonella_phage_Seszw_1]hypothetical_protein|17534..18007|157                     -            157 DT-helix       -            159   7.8e-58  199.5   0.1   1   1   2.6e-61   8.6e-58  199.3   0.1     1   146     5   151     5   157 0.97 aa
NC_048181.1|YP_009821861.1_25|[Raoultella_phage_RP180]hypothetical_protein|19172..19666|164                       -            164 DT-helix       -            159   9.9e-58  199.1   0.0   1   1   3.4e-61   1.1e-57  199.0   0.0     2   159     6   157     5   157 0.99 aa
NC_054638.1|YP_010053258.1_48|[Salmonella_phage_vB_SenS_SB28]hypothetical_protein|24344..24814|156                -            156 DT-helix       -            159   1.5e-57  198.5   0.2   1   1   5.6e-61   1.8e-57  198.3   0.2     1   146     4   150     4   155 0.98 aa
NC_073319.1|YP_010749258.1_53|[Escherichia_phage_SZH-1]hypothetical_protein|complement(25719..26192)|157          -            157 DT-helix       -            159   6.8e-57  196.4   0.0   1   1   2.3e-60   7.6e-57  196.3   0.0     5   159     2   150     1   150 0.99 aa
NC_031918.1|YP_009322249.1_52|[Salmonella_phage_64795_sal3]hypothetical_protein|27290..27772|160                  -            160 DT-helix       -            159     4e-56  193.9   0.1   1   1   1.3e-59   4.4e-56  193.8   0.1     2   146     9   154     8   160 0.97 aa
NC_073320.1|YP_010749347.1_61|[Escherichia_phage_26]hypothetical_protein|32941..33414|157                         -            157 DT-helix       -            159   2.4e-55  191.4   0.0   1   1   8.1e-59   2.6e-55  191.2   0.0     5   159     2   150     1   150 0.99 aa
NC_054644.1|YP_010053740.1_57|[Salmonella_virus_VSt472]hypothetical_protein|28620..29093|157                      -            157 DT-helix       -            159   2.5e-55  191.3   0.1   1   1     9e-59   2.9e-55  191.1   0.1     2   146     6   151     5   156 0.97 aa
NC_054645.1|YP_010053778.1_13|[Salmonella_phage_LPST10]hypothetical_protein|complement(11731..12204)|157          -            157 DT-helix       -            159   2.5e-55  191.3   0.1   1   1     9e-59   2.9e-55  191.1   0.1     2   146     6   151     5   156 0.97 aa
NC_054646.1|YP_010053891.1_39|[Salmonella_phage_VB_StyS_BS5]hypothetical_protein|19802..20275|157                 -            157 DT-helix       -            159   2.5e-55  191.3   0.1   1   1     9e-59   2.9e-55  191.1   0.1     2   146     6   151     5   156 0.97 aa
NC_025443.1|YP_009101221.1_51|[Salmonella_phage_9NA]virion_structural_protein|28178..28681|167                    -            167 DT-helix       -            159     4e-55  190.7   0.0   1   1   1.4e-58   4.5e-55  190.5   0.0     1   159    11   161    11   161 0.99 aa
NC_073322.1|YP_010749475.1_46|[Escherichia_phage_vB_EcoS-Ro145c2YLVW]hypothetical_protein|23553..24026|157        -            157 DT-helix       -            159   5.4e-55  190.2   0.0   1   1   1.8e-58     6e-55  190.1   0.0     5   159     2   150     1   150 0.99 aa
NC_042062.1|YP_009617880.1_51|[Salmonella_phage_SP069]hypothetical_protein|29434..29937|167                       -            167 DT-helix       -            159   1.1e-54  189.3   0.0   1   1   3.7e-58   1.2e-54  189.1   0.0     1   159    11   161    11   161 0.99 aa
NC_073315.1|YP_010748930.1_28|[Escherichia_phage_vB_EcoS_fFiEco03]hypothetical_protein|17935..19305|456           -            456 DT-helix       -            159   1.8e-54  188.6   0.0   1   1   8.8e-58   2.9e-54  187.9   0.0     5   159     2   150     1   150 0.99 aa
NC_069156.1|YP_010582773.1_5|[Serratia_phage_vB_SmaM-Otaku]hypothetical_protein|complement(4881..5375)|164        -            164 DT-helix       -            159   6.3e-54  186.8   0.0   1   1   2.2e-57     7e-54  186.6   0.0     2   159     6   157     5   157 0.99 aa
NC_054640.1|YP_010053420.1_47|[Salmonella_phage_Segz_1]hypothetical_protein|23514..23987|157                      -            157 DT-helix       -            159     8e-54  186.4   0.1   1   1   2.9e-57   9.4e-54  186.2   0.1     2   146     6   151     5   156 0.97 aa
NC_069155.1|YP_010582758.1_50|[Serratia_phage_Tsm2]hypothetical_protein|30094..30588|164                          -            164 DT-helix       -            159   4.9e-53  183.9   0.0   1   1   1.7e-56   5.5e-53  183.7   0.0     2   159     6   157     5   157 0.99 aa
NC_071146.1|YP_010685295.1_37|[Klebsiella_phage_vB_KpnS_MK54]minor_tail_protein|19423..19893|156                  -            156 DT-helix       -            159   2.1e-52  181.8   0.3   1   1   7.6e-56   2.5e-52  181.6   0.3     2   146     5   150     4   155 0.97 aa
NC_021563.1|YP_008130357.1_64|[Serratia_phage_Eta]hypothetical_protein|36442..36936|164                           -            164 DT-helix       -            159   2.2e-52  181.8   0.0   1   1   7.4e-56   2.4e-52  181.6   0.0     2   159     6   157     5   157 0.99 aa
NC_028695.2|YP_009191448.1_40|[Enterobacter_phage_phiEap-2]hypothetical_protein|21610..22104|164                  -            164 DT-helix       -            159   4.5e-52  180.7   0.0   1   1   1.5e-55     5e-52  180.6   0.0     2   159     6   157     5   157 0.99 aa
NC_021534.1|YP_008126232.1_68|[Vibrio_phage_pYD38-A]hypothetical_protein|complement(39512..39982)|156             -            156 DT-helix       -            159   6.9e-52  180.1   0.3   1   1   2.5e-55   8.2e-52  179.9   0.3     2   146     5   150     4   155 0.97 aa
NC_042037.1|YP_009614658.1_62|[Aeromonas_phage_pIS4-A]hypothetical_protein|32456..32926|156                       -            156 DT-helix       -            159   6.9e-52  180.1   0.3   1   1   2.5e-55   8.2e-52  179.9   0.3     2   146     5   150     4   155 0.97 aa
NC_071143.1|YP_010685006.1_3|[Flyfo_siphovirus_Tbat1_6]hypothetical_protein|3131..3601|156                        -            156 DT-helix       -            159   6.9e-52  180.1   0.3   1   1   2.5e-55   8.2e-52  179.9   0.3     2   146     5   150     4   155 0.97 aa
NC_054649.1|YP_010054112.1_4|[Escherichia_phage_vB_EcoS_swi2]hypothetical_protein|complement(5668..6141)|157      -            157 DT-helix       -            159   7.4e-52  180.0   0.1   1   1   2.7e-55   8.7e-52  179.8   0.1     2   146     6   151     5   156 0.97 aa
NC_071149.1|YP_010685562.1_68|[Klebsiella_phage_vB_Kpn_ZCKp20p]baseplate_wedge_protein|32709..33179|156           -            156 DT-helix       -            159   7.4e-52  180.0   0.3   1   1   2.7e-55   8.8e-52  179.8   0.3     2   146     5   150     4   155 0.97 aa
NC_071150.1|YP_010685647.1_69|[Klebsiella_phage_ZCKP8]minor_tail_protein|32402..32872|156                         -            156 DT-helix       -            159   7.4e-52  180.0   0.3   1   1   2.7e-55   8.8e-52  179.8   0.3     2   146     5   150     4   155 0.97 aa
NC_071151.1|YP_010685719.1_57|[Klebsiella_phage_vB_Kpn_ZC2]minor_tail_protein|32717..33187|156                    -            156 DT-helix       -            159   7.4e-52  180.0   0.3   1   1   2.7e-55   8.8e-52  179.8   0.3     2   146     5   150     4   155 0.97 aa
NC_071156.1|YP_010686107.1_56|[Klebsiella_phage_6991]hypothetical_protein|28567..29037|156                        -            156 DT-helix       -            159   7.4e-52  180.0   0.3   1   1   2.7e-55   8.8e-52  179.8   0.3     2   146     5   150     4   155 0.97 aa
NC_069154.1|YP_010582691.1_40|[Klebsiella_phage_VLCpiS11a]virion_structural_protein|complement(25256..25750)|164  -            164 DT-helix       -            159   9.7e-52  179.7   0.0   1   1   3.3e-55   1.1e-51  179.5   0.0     2   159     6   157     5   157 0.98 aa
NC_071157.1|YP_010686190.1_59|[Klebsiella_phage_VLCpiS13c]virion_structural_protein|complement(35238..35708)|156  -            156 DT-helix       -            159   1.7e-51  178.9   0.3   1   1     6e-55     2e-51  178.7   0.3     2   146     5   150     4   155 0.97 aa
NC_071142.1|YP_010684975.1_52|[Klebsiella_phage_VLCpiS13d]virion_structural_protein|25572..26042|156              -            156 DT-helix       -            159   2.2e-51  178.5   0.3   1   1     8e-55   2.6e-51  178.3   0.3     2   146     5   150     4   155 0.97 aa
NC_071153.1|YP_010685868.1_57|[Klebsiella_phage_BUCT610]hypothetical_protein|27338..27808|156                     -            156 DT-helix       -            159   2.3e-51  178.5   0.2   1   1   8.2e-55   2.7e-51  178.2   0.2     2   146     5   150     4   155 0.97 aa
NC_071155.1|YP_010686024.1_52|[Klebsiella_phage_VLCpiS13b]virion_structural_protein|26421..26891|156              -            156 DT-helix       -            159   5.7e-51  177.2   0.2   1   1   2.1e-54   6.7e-51  176.9   0.2     2   146     5   150     4   155 0.97 aa
NC_071145.1|YP_010685197.1_17|[Klebsiella_phage_VLCpiS13e]virion_structural_protein|10270..10743|157              -            157 DT-helix       -            159   2.6e-50  175.0   0.1   1   1   9.3e-54     3e-50  174.8   0.1     2   146     6   151     5   156 0.97 aa
NC_071152.1|YP_010685763.1_30|[Klebsiella_phage_VLCpiS13a]virion_structural_protein|17455..17925|156              -            156 DT-helix       -            159   4.2e-50  174.4   0.1   1   1   1.5e-53   4.9e-50  174.1   0.1     2   146     5   150     4   155 0.97 aa
NC_071144.1|YP_010685103.1_4|[Klebsiella_phage_VLCpiS13f]virion_structural_protein|complement(4718..5191)|157     -            157 DT-helix       -            159   6.1e-50  173.8   0.1   1   1   2.2e-53   7.2e-50  173.6   0.1     2   146     6   151     5   156 0.98 aa
NC_054652.1|YP_010054356.1_5|[Klebsiella_phage_YX3973]hypothetical_protein|6251..6721|156                         -            156 DT-helix       -            159   4.5e-43  151.5   0.2   1   1   1.5e-46     5e-43  151.3   0.2     2   145     5   149     4   155 0.94 aa
NC_054654.1|YP_010054542.1_49|[Klebsiella_phage_vB_KpnS_ZX4]hypothetical_protein|25749..26219|156                 -            156 DT-helix       -            159   4.5e-43  151.5   0.2   1   1   1.5e-46     5e-43  151.3   0.2     2   145     5   149     4   155 0.94 aa
NC_071154.1|YP_010685917.1_23|[Klebsiella_phage_BUCT541]hypothetical_protein|complement(17295..17765)|156         -            156 DT-helix       -            159   4.5e-43  151.5   0.2   1   1   1.5e-46     5e-43  151.3   0.2     2   145     5   149     4   155 0.94 aa
NC_054653.1|YP_010054428.1_13|[Klebsiella_virus_KpV2811]hypothetical_protein|complement(13683..14153)|156         -            156 DT-helix       -            159   6.7e-43  150.9   0.2   1   1   2.3e-46   7.4e-43  150.8   0.2     2   145     5   149     4   155 0.91 aa
NC_047786.1|YP_009787821.1_47|[Salmonella_phage_vB_SenS_Sasha]virion_structural_protein|27788..28291|167          -            167 DT-helix       -            159   4.2e-42  148.3   0.0   1   1   1.5e-45   4.8e-42  148.2   0.0     1   158    11   160    11   161 0.98 aa
NC_071011.1|YP_010676308.1_51|[Klebsiella_phage_vB_KpnS-Carvaje]virion_structural_protein|27754..28257|167        -            167 DT-helix       -            159   1.1e-41  146.9   0.0   1   1   3.9e-45   1.3e-41  146.8   0.0     1   158    11   160    11   161 0.97 aa
NC_025466.1|YP_009103926.1_40|[Shewanella_sp._phage_3/49]hypothetical_protein|23325..23825|166                    -            166 DT-helix       -            159   2.2e-41  146.0   0.0   1   1     8e-45   2.6e-41  145.8   0.0     2   156     6   154     5   156 0.97 aa
NC_071003.1|YP_010675369.1_21|[Enterobacter_phage_vB_EclS_CobraSix]hypothetical_protein|14964..15461|165          -            165 DT-helix       -            159   1.6e-35  127.0   0.0   1   1   5.5e-39   1.8e-35  126.8   0.0     2   147     6   152     5   156 0.94 aa
NC_019927.1|YP_007237618.1_44|[Cronobacter_phage_ENT47670]hypothetical_protein|46209..46706|165                   -            165 DT-helix       -            159   6.8e-35  124.9   0.0   1   1   2.5e-38   8.3e-35  124.6   0.0     2   148     6   153     5   157 0.98 aa
NC_048198.1|YP_009824047.1_17|[Erwinia_phage_vB_EhrS_59]hypothetical_protein|14104..14601|165                     -            165 DT-helix       -            159   6.8e-29  105.4   0.1   1   1   2.5e-32   8.2e-29  105.2   0.1     2   148     5   153     4   157 0.92 aa
NC_071147.1|YP_010685339.1_1|[Klebsiella_phage_KP591P1]hypothetical_protein|428..712|94                           -             94 DT-helix       -            159   3.1e-28  103.3   0.8   1   1   1.1e-31   3.5e-28  103.1   0.8    60   146     1    88     1    93 0.96 aa
NC_071148.1|YP_010685459.1_43|[Klebsiella_phage_KP591P3]hypothetical_protein|23566..23850|94                      -             94 DT-helix       -            159   3.1e-28  103.3   0.8   1   1   1.1e-31   3.5e-28  103.1   0.8    60   146     1    88     1    93 0.96 aa
NC_041925.1|YP_009600624.1_42|[Proteus_phage_VB_PmiS-Isfahan]hypothetical_protein|25971..26468|165                -            165 DT-helix       -            159   5.4e-18   70.0   0.0   1   1   1.8e-21   5.9e-18   69.9   0.0     2   152    10   152     9   159 0.94 aa
NC_028834.1|YP_009201754.1_20|[Achromobacter_phage_83-24]hypothetical_protein|15509..16585|358                    -            358 DT-helix       -            159   4.9e-07   34.4   0.0   1   2   0.00029      0.95   13.9   0.0     6    79    10    81     4    85 0.83 aa
NC_028834.1|YP_009201754.1_20|[Achromobacter_phage_83-24]hypothetical_protein|15509..16585|358                    -            358 DT-helix       -            159   4.9e-07   34.4   0.0   2   2   1.3e-05     0.042   18.3   0.0     2   120   134   251   133   264 0.90 aa
NC_025471.1|YP_009104265.1_28|[Idiomarinaceae_phage_Phi1M2-2]virion_structural_protein|16209..16694|161           -            161 DT-helix       -            159   1.1e-05   30.0   0.0   1   1   4.1e-09   1.3e-05   29.7   0.0     1   122     3   125     3   134 0.87 aa
NC_029066.1|YP_009222842.1_72|[Pseudomonas_phage_PS-1]virion_structural_protein|40548..41054|168                  -            168 DT-helix       -            159    0.0061   21.1   0.0   1   1   1.9e-06    0.0061   21.1   0.0     1   112     3   110     3   159 0.85 aa
NC_070772.1|YP_010649711.1_24|[Vibrio_phage_Seahorse]hypothetical_protein|20900..21397|165                        -            165 DT-helix       -            159     0.023   19.2   0.0   1   1   8.9e-06     0.029   18.9   0.0    12   153    25   157    14   162 0.78 aa
NC_011373.1|YP_002284353.1_19|[Pseudomonas_phage_PAJU2]virion_structural_protein|14682..15146|154                 -            154 DT-helix       -            159     0.034   18.6   0.0   1   1   1.1e-05     0.037   18.5   0.0     2    96     4    97     3   126 0.80 aa
NC_002484.2|NP_061517.1_20|[Pseudomonas_phage_D3]virion_structural_protein|13793..14272|159                       -            159 DT-helix       -            159     0.083   17.4   0.0   1   1   2.7e-05     0.087   17.3   0.0     2    78     4    77     3   127 0.82 aa
NC_016765.1|YP_005098223.1_20|[Pseudomonas_phage_PMG1]virion_structural_protein|13837..14316|159                  -            159 DT-helix       -            159     0.083   17.4   0.0   1   1   2.7e-05     0.087   17.3   0.0     2    78     4    77     3   127 0.82 aa
NC_031098.1|YP_009289765.1_26|[Acinetobacter_phage_vB_AbaS_TRS1]virion_structural_protein|16790..17257|155        -            155 DT-helix       -            159      0.15   16.5   0.0   1   1   6.2e-05       0.2   16.1   0.0     8   130     7   126     3   137 0.81 aa
NC_047746.1|YP_009784719.1_19|[Vibrio_phage_Vc1]hypothetical_protein|22170..23918|582                             -            582 DT-helix       -            159      0.22   16.0   1.1   1   1   0.00019      0.63   14.5   0.7    48    99   322   374   304   397 0.79 aa
NC_016762.1|YP_005098084.1_57|[Pseudomonas_phage_phi297]virion_structural_protein|37368..37835|155                -            155 DT-helix       -            159      0.26   15.8   0.0   1   1    0.0001      0.33   15.5   0.0     2    80     4    80     3    96 0.89 aa
NC_074664.1|YP_010773482.1_14|[Pseudomonas_phage_BUCT566]hypothetical_protein|10993..11460|155                    -            155 DT-helix       -            159      0.26   15.8   0.0   1   1   9.9e-05      0.32   15.5   0.0     2    80     4    80     3    96 0.89 aa
NC_070861.1|YP_010658866.1_77|[Kosakonia_phage_Kc283]hypothetical_protein|complement(65108..65434)|108            -            108 DT-helix       -            159      0.41   15.2   0.0   1   1   0.00015      0.48   14.9   0.0    80   131    36    84    22   104 0.78 aa
NC_054897.1|YP_010065037.1_71|[Citrobacter_phage_HCF1]hypothetical_protein|complement(45363..45725)|120           -            120 DT-helix       -            159      0.45   15.0   0.1   1   2     0.057   1.9e+02    6.5   0.0     3    43    30    70    28    76 0.90 aa
NC_054897.1|YP_010065037.1_71|[Citrobacter_phage_HCF1]hypothetical_protein|complement(45363..45725)|120           -            120 DT-helix       -            159      0.45   15.0   0.1   2   2     0.057   1.9e+02    6.5   0.0     3    43    73   113    71   119 0.90 aa
NC_047903.1|YP_009796682.1_15|[Vibrio_phage_VEN]hypothetical_protein|10750..11391|213                             -            213 DT-helix       -            159      0.48   14.9   0.0   1   1   0.00044       1.4   13.4   0.0    27    86    24    83    10    96 0.84 aa
NC_018452.1|YP_006589954.1_24|[Burkholderia_phage_DC1]hypothetical_protein|15347..15616|89                        -             89 DT-helix       -            159       1.1   13.8   0.0   1   1   0.00038       1.2   13.6   0.0    19    65    18    62     9    73 0.84 aa
NC_030929.1|YP_009275521.1_34|[Pseudomonas_phage_JBD44]virion_structural_protein|21460..21927|155                 -            155 DT-helix       -            159       2.3   12.7   0.0   1   1   0.00086       2.8   12.4   0.0     2    81     4    81     3    97 0.88 aa
NC_074663.1|YP_010773399.1_9|[Pseudomonas_phage_vB_Pae_LC3I3]hypothetical_protein|6635..7102|155                  -            155 DT-helix       -            159       2.3   12.7   0.0   1   1   0.00086       2.8   12.4   0.0     2    81     4    81     3    97 0.88 aa
#
# Program:         hmmsearch
# Version:         3.3.2 (Nov 2020)
# Pipeline mode:   SEARCH
# Query file:      DT-helix.hmm
# Target file:     5167_cds.faa
# Option settings: hmmsearch --domtblout DT-helix_HMM.out DT-helix.hmm 5167_cds.faa 
# Current dir:     /hmm
# Date:            Wed Jun  3 13:25:57 2026
# [ok]
